[2025-08-21 17:10:16,557: INFO: main: welcome to my custom log]
[2025-08-21 23:05:17,276: INFO: main: welcome to my custom log]
[2025-08-26 10:37:30,561: INFO: main: >>>>>> stage Data Ingestion stage started <<<<<<]
[2025-08-26 10:37:30,563: INFO: common: yaml file: config\config.yaml loaded successfully]
[2025-08-26 10:37:30,568: INFO: common: yaml file: params.yaml loaded successfully]
[2025-08-26 10:37:30,569: ERROR: main: yaml file is empty]
Traceback (most recent call last):
  File "C:\Users\yogar\OneDrive\Desktop\MLops\Chicken_Disease_Classification\Chicken_Disease_Classification\src\cnnClassifier\utils\common.py", line 32, in read_yaml
    return ConfigBox(content)
  File "box\\box.py", line 283, in box.box.Box.__init__
box.exceptions.BoxValueError: Cannot extrapolate Box from string

During handling of the above exception, another exception occurred:

Traceback (most recent call last):
  File "C:\Users\yogar\OneDrive\Desktop\MLops\Chicken_Disease_Classification\Chicken_Disease_Classification\main.py", line 9, in <module>
    data_ingestion.main()
    ~~~~~~~~~~~~~~~~~~~^^
  File "C:\Users\yogar\OneDrive\Desktop\MLops\Chicken_Disease_Classification\Chicken_Disease_Classification\src\cnnClassifier\pipeline\stage_01_data_ingestion.py", line 13, in main
    config = ConfigurationManager()
  File "C:\Users\yogar\OneDrive\Desktop\MLops\Chicken_Disease_Classification\Chicken_Disease_Classification\src\cnnClassifier\config\configuration.py", line 14, in __init__
    self.params = read_yaml(params_filepath)
                  ~~~~~~~~~^^^^^^^^^^^^^^^^^
  File "C:\Users\yogar\OneDrive\Desktop\MLops\Chicken_Disease_Classification\Chicken_Disease_Classification\src\cnnClassifier\utils\common.py", line 34, in read_yaml
    raise ValueError("yaml file is empty")
ValueError: yaml file is empty
[2025-08-26 10:41:25,136: INFO: main: >>>>>> stage Data Ingestion stage started <<<<<<]
[2025-08-26 10:41:25,138: INFO: common: yaml file: config\config.yaml loaded successfully]
[2025-08-26 10:41:25,139: INFO: common: yaml file: params.yaml loaded successfully]
[2025-08-26 10:41:25,140: INFO: common: created directory at: artifacts]
[2025-08-26 10:41:25,140: INFO: common: created directory at: artifacts/data_ingestion]
[2025-08-26 10:41:45,021: INFO: data_ingestion: artifacts/data_ingestion/data.zip download! with following info: 
Connection: close
Content-Length: 11616915
Cache-Control: max-age=300
Content-Security-Policy: default-src 'none'; style-src 'unsafe-inline'; sandbox
Content-Type: application/zip
ETag: "adf745abc03891fe493c3be264ec012691fe3fa21d861f35a27edbe6d86a76b1"
Strict-Transport-Security: max-age=31536000
X-Content-Type-Options: nosniff
X-Frame-Options: deny
X-XSS-Protection: 1; mode=block
X-GitHub-Request-Id: 4A95:32A260:43D89F:5021F5:68AD2F0E
Accept-Ranges: bytes
Date: Tue, 26 Aug 2025 05:11:30 GMT
Via: 1.1 varnish
X-Served-By: cache-mrs10554-MRS
X-Cache: HIT
X-Cache-Hits: 0
X-Timer: S1756185090.482107,VS0,VE145
Vary: Authorization,Accept-Encoding
Access-Control-Allow-Origin: *
Cross-Origin-Resource-Policy: cross-origin
X-Fastly-Request-ID: fd049f9cfbe8258d4cbd74a92093bdad91f10b39
Expires: Tue, 26 Aug 2025 05:16:30 GMT
Source-Age: 0

]
[2025-08-26 10:41:45,490: INFO: main: >>>>>> stage Data Ingestion stage completed <<<<<<

x==========x]
